# project  configured on Sun Oct 12 01:49:33 2025 by
# waf 1.7.11 (abi 98, python 30c03f0 on linux)
# using /home/vscode/.pebble-sdk/SDKs/current/sdk-core/pebble/waf configure
#
----------------------------------------
Setting top to
/workspaces/codespaces-pebble/myfirstproject
----------------------------------------
Setting out to
/workspaces/codespaces-pebble/myfirstproject/build
----------------------------------------
Checking for program webpack
/home/vscode/.pebble-sdk/SDKs/current/node_modules/.bin/webpack
find program=['webpack'] paths=['/home/vscode/.pebble-sdk/SDKs/current/node_modules/.bin'] var='WEBPACK' -> '/home/vscode/.pebble-sdk/SDKs/current/node_modules/.bin/webpack'
----------------------------------------
Found Pebble SDK for emery in:
/home/vscode/.pebble-sdk/SDKs/current/sdk-core/pebble/emery
----------------------------------------
Checking for program gcc,cc
arm-none-eabi-gcc
find program=['gcc', 'cc'] paths='' var='CC' -> 'arm-none-eabi-gcc'
----------------------------------------
Checking for program ar
arm-none-eabi-ar
find program=['ar'] paths='' var='AR' -> 'arm-none-eabi-ar'
