Archive member included because of file (symbol)

/home/vscode/.pebble-sdk/SDKs/current/sdk-core/pebble/emery/lib/libpebble.a(tmpPNFimSpebble.o)
                              src/c/myfirstproject.c.9.o (accel_tap_service_subscribe)

Discarded input sections

 .text          0x0000000000000000        0x0 /home/vscode/.pebble-sdk/SDKs/4.5/toolchain/arm-none-eabi/bin/../lib/gcc/arm-none-eabi/4.7.2/thumb2/crti.o
 .bss           0x0000000000000000        0x0 /home/vscode/.pebble-sdk/SDKs/4.5/toolchain/arm-none-eabi/bin/../lib/gcc/arm-none-eabi/4.7.2/thumb2/crti.o
 .init          0x0000000000000000        0x4 /home/vscode/.pebble-sdk/SDKs/4.5/toolchain/arm-none-eabi/bin/../lib/gcc/arm-none-eabi/4.7.2/thumb2/crti.o
 .fini          0x0000000000000000        0x4 /home/vscode/.pebble-sdk/SDKs/4.5/toolchain/arm-none-eabi/bin/../lib/gcc/arm-none-eabi/4.7.2/thumb2/crti.o
 .text          0x0000000000000000       0xc8 /home/vscode/.pebble-sdk/SDKs/4.5/toolchain/arm-none-eabi/bin/../lib/gcc/arm-none-eabi/4.7.2/thumb2/crtbegin.o
 .bss           0x0000000000000000       0x1c /home/vscode/.pebble-sdk/SDKs/4.5/toolchain/arm-none-eabi/bin/../lib/gcc/arm-none-eabi/4.7.2/thumb2/crtbegin.o
 .init_array    0x0000000000000000        0x4 /home/vscode/.pebble-sdk/SDKs/4.5/toolchain/arm-none-eabi/bin/../lib/gcc/arm-none-eabi/4.7.2/thumb2/crtbegin.o
 .fini_array    0x0000000000000000        0x4 /home/vscode/.pebble-sdk/SDKs/4.5/toolchain/arm-none-eabi/bin/../lib/gcc/arm-none-eabi/4.7.2/thumb2/crtbegin.o
 .eh_frame      0x0000000000000000        0x0 /home/vscode/.pebble-sdk/SDKs/4.5/toolchain/arm-none-eabi/bin/../lib/gcc/arm-none-eabi/4.7.2/thumb2/crtbegin.o
 .jcr           0x0000000000000000        0x0 /home/vscode/.pebble-sdk/SDKs/4.5/toolchain/arm-none-eabi/bin/../lib/gcc/arm-none-eabi/4.7.2/thumb2/crtbegin.o
 .tm_clone_table
                0x0000000000000000        0x0 /home/vscode/.pebble-sdk/SDKs/4.5/toolchain/arm-none-eabi/bin/../lib/gcc/arm-none-eabi/4.7.2/thumb2/crtbegin.o
 .text          0x0000000000000000        0x0 src/c/myfirstproject.c.9.o
 .bss           0x0000000000000000        0x0 src/c/myfirstproject.c.9.o
 .text          0x0000000000000000        0x0 emery/appinfo.auto.c.9.o
 .bss           0x0000000000000000        0x0 emery/appinfo.auto.c.9.o
 .text          0x0000000000000000        0x0 emery/src/resource_ids.auto.c.9.o
 .bss           0x0000000000000000        0x0 emery/src/resource_ids.auto.c.9.o
 .data.RESOURCE_ID_FLOWER4_FILL
                0x0000000000000000        0x4 emery/src/resource_ids.auto.c.9.o
 .data.RESOURCE_ID_FLOWER3_FILL
                0x0000000000000000        0x4 emery/src/resource_ids.auto.c.9.o
 .data.RESOURCE_ID_FLOWER5_OUTLINE
                0x0000000000000000        0x4 emery/src/resource_ids.auto.c.9.o
 .data.RESOURCE_ID_FLOWER2_FILL
                0x0000000000000000        0x4 emery/src/resource_ids.auto.c.9.o
 .data.RESOURCE_ID_FLOWER3_OUTLINE
                0x0000000000000000        0x4 emery/src/resource_ids.auto.c.9.o
 .data.RESOURCE_ID_FLOWER2_OUTLINE
                0x0000000000000000        0x4 emery/src/resource_ids.auto.c.9.o
 .data.RESOURCE_ID_FLOWER1_OUTLINE
                0x0000000000000000        0x4 emery/src/resource_ids.auto.c.9.o
 .data.RESOURCE_ID_FLOWER5_FILL
                0x0000000000000000        0x4 emery/src/resource_ids.auto.c.9.o
 .data.RESOURCE_ID_FLOWER1_FILL
                0x0000000000000000        0x4 emery/src/resource_ids.auto.c.9.o
 .data.RESOURCE_ID_FLOWER4_OUTLINE
                0x0000000000000000        0x4 emery/src/resource_ids.auto.c.9.o
 .text          0x0000000000000000        0x0 src/message_keys.auto.c.9.o
 .bss           0x0000000000000000        0x0 src/message_keys.auto.c.9.o
 .bss           0x0000000000000000        0x0 /home/vscode/.pebble-sdk/SDKs/current/sdk-core/pebble/emery/lib/libpebble.a(tmpPNFimSpebble.o)
 .text.accel_data_service_subscribe__deprecated
                0x0000000000000000        0xc /home/vscode/.pebble-sdk/SDKs/current/sdk-core/pebble/emery/lib/libpebble.a(tmpPNFimSpebble.o)
 .text.accel_data_service_unsubscribe
                0x0000000000000000        0xc /home/vscode/.pebble-sdk/SDKs/current/sdk-core/pebble/emery/lib/libpebble.a(tmpPNFimSpebble.o)
 .text.accel_service_peek
                0x0000000000000000        0xc /home/vscode/.pebble-sdk/SDKs/current/sdk-core/pebble/emery/lib/libpebble.a(tmpPNFimSpebble.o)
 .text.accel_service_set_samples_per_update
                0x0000000000000000        0xc /home/vscode/.pebble-sdk/SDKs/current/sdk-core/pebble/emery/lib/libpebble.a(tmpPNFimSpebble.o)
 .text.accel_service_set_sampling_rate
                0x0000000000000000        0xc /home/vscode/.pebble-sdk/SDKs/current/sdk-core/pebble/emery/lib/libpebble.a(tmpPNFimSpebble.o)
 .text.action_bar_layer_legacy2_add_to_window
                0x0000000000000000        0xc /home/vscode/.pebble-sdk/SDKs/current/sdk-core/pebble/emery/lib/libpebble.a(tmpPNFimSpebble.o)
 .text.action_bar_layer_legacy2_clear_icon
[...]
Memory Configuration

Name             Origin             Length             Attributes
APP              0x0000000000000000 0x0000000000020000 xrw
*default*        0x0000000000000000 0xffffffffffffffff

Linker script and memory map

LOAD /home/vscode/.pebble-sdk/SDKs/4.5/toolchain/arm-none-eabi/bin/../lib/gcc/arm-none-eabi/4.7.2/thumb2/crti.o
LOAD /home/vscode/.pebble-sdk/SDKs/4.5/toolchain/arm-none-eabi/bin/../lib/gcc/arm-none-eabi/4.7.2/thumb2/crtbegin.o
LOAD src/c/myfirstproject.c.9.o
LOAD emery/appinfo.auto.c.9.o
LOAD emery/src/resource_ids.auto.c.9.o
LOAD src/message_keys.auto.c.9.o
LOAD /home/vscode/.pebble-sdk/SDKs/current/sdk-core/pebble/emery/lib/libpebble.a
START GROUP
LOAD /home/vscode/.pebble-sdk/SDKs/4.5/toolchain/arm-none-eabi/bin/../lib/gcc/arm-none-eabi/4.7.2/thumb2/libgcc.a
LOAD /home/vscode/.pebble-sdk/SDKs/4.5/toolchain/arm-none-eabi/bin/../lib/gcc/arm-none-eabi/4.7.2/../../../../arm-none-eabi/lib/thumb2/libc.a
END GROUP
LOAD /home/vscode/.pebble-sdk/SDKs/4.5/toolchain/arm-none-eabi/bin/../lib/gcc/arm-none-eabi/4.7.2/thumb2/crtend.o
LOAD /home/vscode/.pebble-sdk/SDKs/4.5/toolchain/arm-none-eabi/bin/../lib/gcc/arm-none-eabi/4.7.2/thumb2/crtn.o

.header         0x0000000000000000       0x82
 *(.pbl_header)
 .pbl_header    0x0000000000000000       0x82 emery/appinfo.auto.c.9.o
                0x0000000000000000                __pbl_app_info

.note.gnu.build-id
                0x0000000000000082       0x26
                0x0000000000000082                PROVIDE (BUILD_ID, .)
 *(.note.gnu.build-id)
 *fill*         0x0000000000000082        0x2 
 .note.gnu.build-id
                0x0000000000000084       0x24 linker stubs

.text           0x00000000000000a8      0xcf8
 *(.text)
 .text          0x00000000000000a8       0x14 /home/vscode/.pebble-sdk/SDKs/current/sdk-core/pebble/emery/lib/libpebble.a(tmpPNFimSpebble.o)
 *(.text.*)
 .text.inbox_dropped_cb
                0x00000000000000bc        0x2 src/c/myfirstproject.c.9.o
 .text.outbox_failed_cb
                0x00000000000000be        0x2 src/c/myfirstproject.c.9.o
 .text.outbox_sent_cb
                0x00000000000000c0        0x2 src/c/myfirstproject.c.9.o
 *fill*         0x00000000000000c2        0x2 
 .text.refresh_info_line
                0x00000000000000c4       0x44 src/c/myfirstproject.c.9.o
 .text.inbox_received_cb
                0x0000000000000108       0x70 src/c/myfirstproject.c.9.o
 .text.click_config_provider
                0x0000000000000178       0x30 src/c/myfirstproject.c.9.o
 .text.light_on_now
                0x00000000000001a8       0x78 src/c/myfirstproject.c.9.o
 .text.down_click_handler
                0x0000000000000220        0x4 src/c/myfirstproject.c.9.o
 .text.up_click_handler
                0x0000000000000224        0x4 src/c/myfirstproject.c.9.o
 .text.select_click_handler
                0x0000000000000228        0x4 src/c/myfirstproject.c.9.o
 .text.tap_handler
                0x000000000000022c        0x4 src/c/myfirstproject.c.9.o
 .text.free_sprites
                0x0000000000000230       0x34 src/c/myfirstproject.c.9.o
 .text.refresh_time_date
                0x0000000000000264       0xa4 src/c/myfirstproject.c.9.o
 .text.tick_handler
                0x0000000000000308        0xa src/c/myfirstproject.c.9.o
 *fill*         0x0000000000000312        0x2 
 .text.main_window_unload
                0x0000000000000314       0x54 src/c/myfirstproject.c.9.o
 .text.layer_update
                0x0000000000000368       0x70 src/c/myfirstproject.c.9.o
 .text.rand_range.part.0
                0x00000000000003d8       0x30 src/c/myfirstproject.c.9.o
 .text.rand_range
                0x0000000000000408        0xa src/c/myfirstproject.c.9.o
 *fill*         0x0000000000000412        0x2 
 .text.make_flower_rect
                0x0000000000000414       0xe0 src/c/myfirstproject.c.9.o
 .text.place_one
                0x00000000000004f4      0x238 src/c/myfirstproject.c.9.o
 .text.generate_sprites
                0x000000000000072c       0x64 src/c/myfirstproject.c.9.o
 .text.light_off_cb
                0x0000000000000790       0x40 src/c/myfirstproject.c.9.o
 .text.main_window_load
                0x00000000000007d0      0x1ec src/c/myfirstproject.c.9.o
 .text.startup.main
                0x00000000000009bc       0xc8 src/c/myfirstproject.c.9.o
                0x00000000000009bc                main
 .text.accel_tap_service_subscribe
                0x0000000000000a84        0xc /home/vscode/.pebble-sdk/SDKs/current/sdk-core/pebble/emery/lib/libpebble.a(tmpPNFimSpebble.o)
                0x0000000000000a84                accel_tap_service_subscribe
 .text.accel_tap_service_unsubscribe
                0x0000000000000a90        0xc /home/vscode/.pebble-sdk/SDKs/current/sdk-core/pebble/emery/lib/libpebble.a(tmpPNFimSpebble.o)
                0x0000000000000a90                accel_tap_service_unsubscribe
 .text.app_event_loop
                0x0000000000000a9c        0xc /home/vscode/.pebble-sdk/SDKs/current/sdk-core/pebble/emery/lib/libpebble.a(tmpPNFimSpebble.o)
                0x0000000000000a9c                app_event_loop
 .text.app_message_open
                0x0000000000000aa8        0xc /home/vscode/.pebble-sdk/SDKs/current/sdk-core/pebble/emery/lib/libpebble.a(tmpPNFimSpebble.o)
                0x0000000000000aa8                app_message_open
 .text.app_timer_cancel
                0x0000000000000ab4        0xc /home/vscode/.pebble-sdk/SDKs/current/sdk-core/pebble/emery/lib/libpebble.a(tmpPNFimSpebble.o)
                0x0000000000000ab4                app_timer_cancel
 .text.app_timer_register
                0x0000000000000ac0        0xc /home/vscode/.pebble-sdk/SDKs/current/sdk-core/pebble/emery/lib/libpebble.a(tmpPNFimSpebble.o)
                0x0000000000000ac0                app_timer_register
 .text.clock_is_24h_style
                0x0000000000000acc        0xc /home/vscode/.pebble-sdk/SDKs/current/sdk-core/pebble/emery/lib/libpebble.a(tmpPNFimSpebble.o)
                0x0000000000000acc                clock_is_24h_style
 .text.dict_find
                0x0000000000000ad8        0xc /home/vscode/.pebble-sdk/SDKs/current/sdk-core/pebble/emery/lib/libpebble.a(tmpPNFimSpebble.o)
                0x0000000000000ad8                dict_find
 .text.fonts_get_system_font
                0x0000000000000ae4        0xc /home/vscode/.pebble-sdk/SDKs/current/sdk-core/pebble/emery/lib/libpebble.a(tmpPNFimSpebble.o)
                0x0000000000000ae4                fonts_get_system_font
 .text.gbitmap_create_with_resource
                0x0000000000000af0        0xc /home/vscode/.pebble-sdk/SDKs/current/sdk-core/pebble/emery/lib/libpebble.a(tmpPNFimSpebble.o)
                0x0000000000000af0                gbitmap_create_with_resource
 .text.gbitmap_destroy
                0x0000000000000afc        0xc /home/vscode/.pebble-sdk/SDKs/current/sdk-core/pebble/emery/lib/libpebble.a(tmpPNFimSpebble.o)
                0x0000000000000afc                gbitmap_destroy
 .text.graphics_context_set_compositing_mode
                0x0000000000000b08        0xc /home/vscode/.pebble-sdk/SDKs/current/sdk-core/pebble/emery/lib/libpebble.a(tmpPNFimSpebble.o)
                0x0000000000000b08                graphics_context_set_compositing_mode
 .text.graphics_draw_bitmap_in_rect
                0x0000000000000b14        0xc /home/vscode/.pebble-sdk/SDKs/current/sdk-core/pebble/emery/lib/libpebble.a(tmpPNFimSpebble.o)
                0x0000000000000b14                graphics_draw_bitmap_in_rect
 .text.graphics_fill_rect
                0x0000000000000b20        0xc /home/vscode/.pebble-sdk/SDKs/current/sdk-core/pebble/emery/lib/libpebble.a(tmpPNFimSpebble.o)
                0x0000000000000b20                graphics_fill_rect
 .text.layer_add_child
                0x0000000000000b2c        0xc /home/vscode/.pebble-sdk/SDKs/current/sdk-core/pebble/emery/lib/libpebble.a(tmpPNFimSpebble.o)
                0x0000000000000b2c                layer_add_child
 .text.layer_create
                0x0000000000000b38        0xc /home/vscode/.pebble-sdk/SDKs/current/sdk-core/pebble/emery/lib/libpebble.a(tmpPNFimSpebble.o)
                0x0000000000000b38                layer_create
 .text.layer_destroy
                0x0000000000000b44        0xc /home/vscode/.pebble-sdk/SDKs/current/sdk-core/pebble/emery/lib/libpebble.a(tmpPNFimSpebble.o)
                0x0000000000000b44                layer_destroy
 .text.layer_get_bounds
                0x0000000000000b50        0xc /home/vscode/.pebble-sdk/SDKs/current/sdk-core/pebble/emery/lib/libpebble.a(tmpPNFimSpebble.o)
                0x0000000000000b50                layer_get_bounds
 .text.layer_mark_dirty
                0x0000000000000b5c        0xc /home/vscode/.pebble-sdk/SDKs/current/sdk-core/pebble/emery/lib/libpebble.a(tmpPNFimSpebble.o)
                0x0000000000000b5c                layer_mark_dirty
 .text.layer_set_update_proc
                0x0000000000000b68        0xc /home/vscode/.pebble-sdk/SDKs/current/sdk-core/pebble/emery/lib/libpebble.a(tmpPNFimSpebble.o)
                0x0000000000000b68                layer_set_update_proc
 .text.light_enable_interaction
                0x0000000000000b74        0xc /home/vscode/.pebble-sdk/SDKs/current/sdk-core/pebble/emery/lib/libpebble.a(tmpPNFimSpebble.o)
                0x0000000000000b74                light_enable_interaction
 .text.memmove  0x0000000000000b80        0xc /home/vscode/.pebble-sdk/SDKs/current/sdk-core/pebble/emery/lib/libpebble.a(tmpPNFimSpebble.o)
                0x0000000000000b80                memmove
 .text.memset   0x0000000000000b8c        0xc /home/vscode/.pebble-sdk/SDKs/current/sdk-core/pebble/emery/lib/libpebble.a(tmpPNFimSpebble.o)
                0x0000000000000b8c                memset
 .text.snprintf
                0x0000000000000b98        0xc /home/vscode/.pebble-sdk/SDKs/current/sdk-core/pebble/emery/lib/libpebble.a(tmpPNFimSpebble.o)
                0x0000000000000b98                snprintf
 .text.strftime
                0x0000000000000ba4        0xc /home/vscode/.pebble-sdk/SDKs/current/sdk-core/pebble/emery/lib/libpebble.a(tmpPNFimSpebble.o)
                0x0000000000000ba4                strftime
 .text.tick_timer_service_subscribe
                0x0000000000000bb0        0xc /home/vscode/.pebble-sdk/SDKs/current/sdk-core/pebble/emery/lib/libpebble.a(tmpPNFimSpebble.o)
                0x0000000000000bb0                tick_timer_service_subscribe
 .text.window_create
                0x0000000000000bbc        0xc /home/vscode/.pebble-sdk/SDKs/current/sdk-core/pebble/emery/lib/libpebble.a(tmpPNFimSpebble.o)
                0x0000000000000bbc                window_create
 .text.window_destroy
                0x0000000000000bc8        0xc /home/vscode/.pebble-sdk/SDKs/current/sdk-core/pebble/emery/lib/libpebble.a(tmpPNFimSpebble.o)
                0x0000000000000bc8                window_destroy
 .text.window_get_root_layer
                0x0000000000000bd4        0xc /home/vscode/.pebble-sdk/SDKs/current/sdk-core/pebble/emery/lib/libpebble.a(tmpPNFimSpebble.o)
                0x0000000000000bd4                window_get_root_layer
 .text.window_set_click_config_provider
                0x0000000000000be0        0xc /home/vscode/.pebble-sdk/SDKs/current/sdk-core/pebble/emery/lib/libpebble.a(tmpPNFimSpebble.o)
                0x0000000000000be0                window_set_click_config_provider
 .text.window_set_window_handlers
                0x0000000000000bec        0xc /home/vscode/.pebble-sdk/SDKs/current/sdk-core/pebble/emery/lib/libpebble.a(tmpPNFimSpebble.o)
                0x0000000000000bec                window_set_window_handlers
 .text.window_stack_push
                0x0000000000000bf8        0xc /home/vscode/.pebble-sdk/SDKs/current/sdk-core/pebble/emery/lib/libpebble.a(tmpPNFimSpebble.o)
                0x0000000000000bf8                window_stack_push
 .text.app_message_outbox_begin
                0x0000000000000c04        0xc /home/vscode/.pebble-sdk/SDKs/current/sdk-core/pebble/emery/lib/libpebble.a(tmpPNFimSpebble.o)
                0x0000000000000c04                app_message_outbox_begin
 .text.app_message_outbox_send
                0x0000000000000c10        0xc /home/vscode/.pebble-sdk/SDKs/current/sdk-core/pebble/emery/lib/libpebble.a(tmpPNFimSpebble.o)
                0x0000000000000c10                app_message_outbox_send
 .text.app_message_register_inbox_dropped
                0x0000000000000c1c        0xc /home/vscode/.pebble-sdk/SDKs/current/sdk-core/pebble/emery/lib/libpebble.a(tmpPNFimSpebble.o)
                0x0000000000000c1c                app_message_register_inbox_dropped
 .text.app_message_register_inbox_received
                0x0000000000000c28        0xc /home/vscode/.pebble-sdk/SDKs/current/sdk-core/pebble/emery/lib/libpebble.a(tmpPNFimSpebble.o)
                0x0000000000000c28                app_message_register_inbox_received
 .text.app_message_register_outbox_failed
                0x0000000000000c34        0xc /home/vscode/.pebble-sdk/SDKs/current/sdk-core/pebble/emery/lib/libpebble.a(tmpPNFimSpebble.o)
                0x0000000000000c34                app_message_register_outbox_failed
 .text.app_message_register_outbox_sent
                0x0000000000000c40        0xc /home/vscode/.pebble-sdk/SDKs/current/sdk-core/pebble/emery/lib/libpebble.a(tmpPNFimSpebble.o)
                0x0000000000000c40                app_message_register_outbox_sent
 .text.window_single_click_subscribe
                0x0000000000000c4c        0xc /home/vscode/.pebble-sdk/SDKs/current/sdk-core/pebble/emery/lib/libpebble.a(tmpPNFimSpebble.o)
                0x0000000000000c4c                window_single_click_subscribe
 .text.graphics_context_set_fill_color
                0x0000000000000c58        0xc /home/vscode/.pebble-sdk/SDKs/current/sdk-core/pebble/emery/lib/libpebble.a(tmpPNFimSpebble.o)
                0x0000000000000c58                graphics_context_set_fill_color
 .text.window_set_background_color
                0x0000000000000c64        0xc /home/vscode/.pebble-sdk/SDKs/current/sdk-core/pebble/emery/lib/libpebble.a(tmpPNFimSpebble.o)
                0x0000000000000c64                window_set_background_color
 .text.localtime
                0x0000000000000c70        0xc /home/vscode/.pebble-sdk/SDKs/current/sdk-core/pebble/emery/lib/libpebble.a(tmpPNFimSpebble.o)
                0x0000000000000c70                localtime
 .text.gbitmap_get_bounds
                0x0000000000000c7c        0xc /home/vscode/.pebble-sdk/SDKs/current/sdk-core/pebble/emery/lib/libpebble.a(tmpPNFimSpebble.o)
                0x0000000000000c7c                gbitmap_get_bounds
 .text.text_layer_create
                0x0000000000000c88        0xc /home/vscode/.pebble-sdk/SDKs/current/sdk-core/pebble/emery/lib/libpebble.a(tmpPNFimSpebble.o)
                0x0000000000000c88                text_layer_create
 .text.text_layer_destroy
                0x0000000000000c94        0xc /home/vscode/.pebble-sdk/SDKs/current/sdk-core/pebble/emery/lib/libpebble.a(tmpPNFimSpebble.o)
                0x0000000000000c94                text_layer_destroy
 .text.text_layer_get_layer
                0x0000000000000ca0        0xc /home/vscode/.pebble-sdk/SDKs/current/sdk-core/pebble/emery/lib/libpebble.a(tmpPNFimSpebble.o)
                0x0000000000000ca0                text_layer_get_layer
 .text.text_layer_set_background_color
                0x0000000000000cac        0xc /home/vscode/.pebble-sdk/SDKs/current/sdk-core/pebble/emery/lib/libpebble.a(tmpPNFimSpebble.o)
                0x0000000000000cac                text_layer_set_background_color
 .text.text_layer_set_font
                0x0000000000000cb8        0xc /home/vscode/.pebble-sdk/SDKs/current/sdk-core/pebble/emery/lib/libpebble.a(tmpPNFimSpebble.o)
                0x0000000000000cb8                text_layer_set_font
 .text.text_layer_set_text
                0x0000000000000cc4        0xc /home/vscode/.pebble-sdk/SDKs/current/sdk-core/pebble/emery/lib/libpebble.a(tmpPNFimSpebble.o)
                0x0000000000000cc4                text_layer_set_text
 .text.text_layer_set_text_alignment
                0x0000000000000cd0        0xc /home/vscode/.pebble-sdk/SDKs/current/sdk-core/pebble/emery/lib/libpebble.a(tmpPNFimSpebble.o)
                0x0000000000000cd0                text_layer_set_text_alignment
 .text.text_layer_set_text_color
                0x0000000000000cdc        0xc /home/vscode/.pebble-sdk/SDKs/current/sdk-core/pebble/emery/lib/libpebble.a(tmpPNFimSpebble.o)
                0x0000000000000cdc                text_layer_set_text_color
 .text.time     0x0000000000000ce8        0xc /home/vscode/.pebble-sdk/SDKs/current/sdk-core/pebble/emery/lib/libpebble.a(tmpPNFimSpebble.o)
                0x0000000000000ce8                time
 *(.rodata)
 *(.rodata*)
 .rodata.str1.1
                0x0000000000000cf4       0x81 src/c/myfirstproject.c.9.o
 *fill*         0x0000000000000d75        0x3 
 .rodata.FLOWERS
                0x0000000000000d78       0x28 src/c/myfirstproject.c.9.o

.glue_7         0x0000000000000da0        0x0
 .glue_7        0x0000000000000000        0x0 linker stubs

.glue_7t        0x0000000000000da0        0x0
 .glue_7t       0x0000000000000000        0x0 linker stubs

.vfp11_veneer   0x0000000000000da0        0x0
 .vfp11_veneer  0x0000000000000000        0x0 linker stubs

.v4_bx          0x0000000000000da0        0x0
 .v4_bx         0x0000000000000000        0x0 linker stubs

.iplt           0x0000000000000da0        0x0
 .iplt          0x0000000000000000        0x0 /home/vscode/.pebble-sdk/SDKs/4.5/toolchain/arm-none-eabi/bin/../lib/gcc/arm-none-eabi/4.7.2/thumb2/crtbegin.o

.rel.dyn        0x0000000000000da0        0x0
 .rel.iplt      0x0000000000000000        0x0 /home/vscode/.pebble-sdk/SDKs/4.5/toolchain/arm-none-eabi/bin/../lib/gcc/arm-none-eabi/4.7.2/thumb2/crtbegin.o
 .rel.got       0x0000000000000000        0x0 /home/vscode/.pebble-sdk/SDKs/4.5/toolchain/arm-none-eabi/bin/../lib/gcc/arm-none-eabi/4.7.2/thumb2/crtbegin.o

.data           0x0000000000000da0       0x20
 *(.data)
 .data          0x0000000000000da0        0x0 /home/vscode/.pebble-sdk/SDKs/4.5/toolchain/arm-none-eabi/bin/../lib/gcc/arm-none-eabi/4.7.2/thumb2/crti.o
 .data          0x0000000000000da0        0x4 /home/vscode/.pebble-sdk/SDKs/4.5/toolchain/arm-none-eabi/bin/../lib/gcc/arm-none-eabi/4.7.2/thumb2/crtbegin.o
                0x0000000000000da0                __dso_handle
 .data          0x0000000000000da4        0x0 src/c/myfirstproject.c.9.o
 .data          0x0000000000000da4        0x0 emery/appinfo.auto.c.9.o
 .data          0x0000000000000da4        0x0 emery/src/resource_ids.auto.c.9.o
 .data          0x0000000000000da4        0x0 src/message_keys.auto.c.9.o
 .data          0x0000000000000da4        0x0 /home/vscode/.pebble-sdk/SDKs/current/sdk-core/pebble/emery/lib/libpebble.a(tmpPNFimSpebble.o)
 .data          0x0000000000000da4        0x0 /home/vscode/.pebble-sdk/SDKs/4.5/toolchain/arm-none-eabi/bin/../lib/gcc/arm-none-eabi/4.7.2/thumb2/crtend.o
 .data          0x0000000000000da4        0x0 /home/vscode/.pebble-sdk/SDKs/4.5/toolchain/arm-none-eabi/bin/../lib/gcc/arm-none-eabi/4.7.2/thumb2/crtn.o
 *(.data.*)
 .data.s_uvi_buf
                0x0000000000000da4        0x8 src/c/myfirstproject.c.9.o
 .data.s_temp_buf
                0x0000000000000dac        0x8 src/c/myfirstproject.c.9.o
 .data.s_rand_state
                0x0000000000000db4        0x4 src/c/myfirstproject.c.9.o
 .data.MESSAGE_KEY_TEMP
                0x0000000000000db8        0x4 src/message_keys.auto.c.9.o
                0x0000000000000db8                MESSAGE_KEY_TEMP
 .data.MESSAGE_KEY_UVI
                0x0000000000000dbc        0x4 src/message_keys.auto.c.9.o
                0x0000000000000dbc                MESSAGE_KEY_UVI

.igot.plt       0x0000000000000dc0        0x0
 .igot.plt      0x0000000000000000        0x0 /home/vscode/.pebble-sdk/SDKs/4.5/toolchain/arm-none-eabi/bin/../lib/gcc/arm-none-eabi/4.7.2/thumb2/crtbegin.o

.got            0x0000000000000dc0        0x8
 .got           0x0000000000000dc0        0x8 /home/vscode/.pebble-sdk/SDKs/4.5/toolchain/arm-none-eabi/bin/../lib/gcc/arm-none-eabi/4.7.2/thumb2/crtbegin.o

.got.plt        0x0000000000000dc8        0xc
 .got.plt       0x0000000000000dc8        0xc /home/vscode/.pebble-sdk/SDKs/4.5/toolchain/arm-none-eabi/bin/../lib/gcc/arm-none-eabi/4.7.2/thumb2/crtbegin.o
                0x0000000000000dc8                _GLOBAL_OFFSET_TABLE_

.bss            0x0000000000000dd4      0x154
 *(.bss)
 *(.bss.*)
 .bss.line.7596
                0x0000000000000dd4       0x18 src/c/myfirstproject.c.9.o
 .bss.s_off_timer
                0x0000000000000dec        0x4 src/c/myfirstproject.c.9.o
 .bss.s_canvas  0x0000000000000df0        0x4 src/c/myfirstproject.c.9.o
 .bss.s_date_layer
                0x0000000000000df4        0x4 src/c/myfirstproject.c.9.o
 .bss.s_prev_count
                0x0000000000000df8        0x4 src/c/myfirstproject.c.9.o
 .bss.s_info_layer
                0x0000000000000dfc        0x4 src/c/myfirstproject.c.9.o
 .bss.s_time_layer
                0x0000000000000e00        0x4 src/c/myfirstproject.c.9.o
 .bss.s_date_buf.7700
                0x0000000000000e04       0x10 src/c/myfirstproject.c.9.o
 .bss.s_prev_frames
                0x0000000000000e14       0x40 src/c/myfirstproject.c.9.o
 .bss.s_sprites
                0x0000000000000e54       0xc0 src/c/myfirstproject.c.9.o
 .bss.s_time_buf.7699
                0x0000000000000f14        0x8 src/c/myfirstproject.c.9.o
 .bss.s_bounds  0x0000000000000f1c        0x8 src/c/myfirstproject.c.9.o
 .bss.s_main_window
                0x0000000000000f24        0x4 src/c/myfirstproject.c.9.o

DISCARD
 libc.a(*)
 libm.a(*)
 libgcc.a(*)
 *(.eh_frame)
OUTPUT(/workspaces/codespaces-pebble/myfirstproject/build/emery/pebble-app.elf elf32-littlearm)

.ARM.attributes
                0x0000000000000000       0x27
 .ARM.attributes
                0x0000000000000000       0x19 /home/vscode/.pebble-sdk/SDKs/4.5/toolchain/arm-none-eabi/bin/../lib/gcc/arm-none-eabi/4.7.2/thumb2/crti.o
 .ARM.attributes
                0x0000000000000019       0x29 /home/vscode/.pebble-sdk/SDKs/4.5/toolchain/arm-none-eabi/bin/../lib/gcc/arm-none-eabi/4.7.2/thumb2/crtbegin.o
 .ARM.attributes
                0x0000000000000042       0x33 src/c/myfirstproject.c.9.o
 .ARM.attributes
                0x0000000000000075       0x33 emery/appinfo.auto.c.9.o
 .ARM.attributes
                0x00000000000000a8       0x33 emery/src/resource_ids.auto.c.9.o
 .ARM.attributes
                0x00000000000000db       0x33 src/message_keys.auto.c.9.o
 .ARM.attributes
                0x000000000000010e       0x21 /home/vscode/.pebble-sdk/SDKs/current/sdk-core/pebble/emery/lib/libpebble.a(tmpPNFimSpebble.o)
 .ARM.attributes
                0x000000000000012f       0x29 /home/vscode/.pebble-sdk/SDKs/4.5/toolchain/arm-none-eabi/bin/../lib/gcc/arm-none-eabi/4.7.2/thumb2/crtend.o
 .ARM.attributes
                0x0000000000000158       0x19 /home/vscode/.pebble-sdk/SDKs/4.5/toolchain/arm-none-eabi/bin/../lib/gcc/arm-none-eabi/4.7.2/thumb2/crtn.o

.comment        0x0000000000000000       0x4e
 .comment       0x0000000000000000       0x4e /home/vscode/.pebble-sdk/SDKs/4.5/toolchain/arm-none-eabi/bin/../lib/gcc/arm-none-eabi/4.7.2/thumb2/crtbegin.o
                                         0x4f (size before relaxing)
 .comment       0x0000000000000000       0x4f src/c/myfirstproject.c.9.o
 .comment       0x0000000000000000       0x4f emery/appinfo.auto.c.9.o
 .comment       0x0000000000000000       0x4f emery/src/resource_ids.auto.c.9.o
 .comment       0x0000000000000000       0x4f src/message_keys.auto.c.9.o
 .comment       0x0000000000000000       0x4f /home/vscode/.pebble-sdk/SDKs/4.5/toolchain/arm-none-eabi/bin/../lib/gcc/arm-none-eabi/4.7.2/thumb2/crtend.o

.debug_info     0x0000000000000000     0x2541
 .debug_info    0x0000000000000000     0x2042 src/c/myfirstproject.c.9.o
 .debug_info    0x0000000000002042      0x349 emery/appinfo.auto.c.9.o
 .debug_info    0x000000000000238b      0x123 emery/src/resource_ids.auto.c.9.o
 .debug_info    0x00000000000024ae       0x93 src/message_keys.auto.c.9.o

.debug_abbrev   0x0000000000000000      0x5da
 .debug_abbrev  0x0000000000000000      0x4b4 src/c/myfirstproject.c.9.o
 .debug_abbrev  0x00000000000004b4       0x9e emery/appinfo.auto.c.9.o
 .debug_abbrev  0x0000000000000552       0x44 emery/src/resource_ids.auto.c.9.o
 .debug_abbrev  0x0000000000000596       0x44 src/message_keys.auto.c.9.o

.debug_loc      0x0000000000000000      0xdc3
 .debug_loc     0x0000000000000000      0xdc3 src/c/myfirstproject.c.9.o

.debug_aranges  0x0000000000000000      0x120
 .debug_aranges
                0x0000000000000000       0xd8 src/c/myfirstproject.c.9.o
 .debug_aranges
                0x00000000000000d8       0x18 emery/appinfo.auto.c.9.o
 .debug_aranges
                0x00000000000000f0       0x18 emery/src/resource_ids.auto.c.9.o
 .debug_aranges
                0x0000000000000108       0x18 src/message_keys.auto.c.9.o

.debug_ranges   0x0000000000000000      0x2c8
 .debug_ranges  0x0000000000000000      0x2c8 src/c/myfirstproject.c.9.o

.debug_line     0x0000000000000000      0x896
 .debug_line    0x0000000000000000      0x5ed src/c/myfirstproject.c.9.o
 .debug_line    0x00000000000005ed      0x11d emery/appinfo.auto.c.9.o
 .debug_line    0x000000000000070a       0xc9 emery/src/resource_ids.auto.c.9.o
 .debug_line    0x00000000000007d3       0xc3 src/message_keys.auto.c.9.o

.debug_str      0x0000000000000000     0x1264
 .debug_str     0x0000000000000000      0xe2d src/c/myfirstproject.c.9.o
                                        0xefe (size before relaxing)
 .debug_str     0x0000000000000e2d      0x2f8 emery/appinfo.auto.c.9.o
                                        0x3e3 (size before relaxing)
 .debug_str     0x0000000000001125      0x127 emery/src/resource_ids.auto.c.9.o
                                        0x1f3 (size before relaxing)
 .debug_str     0x000000000000124c       0x18 src/message_keys.auto.c.9.o
                                        0x105 (size before relaxing)

.debug_frame    0x0000000000000000      0x270
 .debug_frame   0x0000000000000000      0x270 src/c/myfirstproject.c.9.o
